// Jest Snapshot v1, https://goo.gl/fbAQLP

exports[`GifItem should render correctly with given props 1`] = `
<div
  class="card"
>
  <img
    alt="Test Title"
    src="https://test.url"
  />
  <p>
    Test Title
  </p>
</div>
`;
